// Jest Snapshot v1, https://goo.gl/fbAQLP

exports[`renders snapshot 1`] = `
<DocumentFragment>
  <div
    class="Cards"
  >
    <h2>
      Let's throw some cards around, eh?
    </h2>
    <button
      class="big-btn"
      data-testid="shuffle"
    >
      shuffle 1 deck
    </button>
    <br />
    <button
      data-testid="fewer-decks"
    >
      fewer decks
    </button>
    <button
      data-testid="more-decks"
    >
      more decks
    </button>
    <div
      class="table"
    />
  </div>
</DocumentFragment>
`;
